[2026-08-19T08:36:01Z] Tracking 30 keywords → polkcountygolfcarts.com
    #5  golf carts livingston tx
  !! golf cart dealer livingston tx  (task 40101: Internal SE Server Error.)
     —  golf cart dealer livingston tx
    #5  golf cart sales livingston
  !! golf cart service livingston tx  (task 40101: Internal SE Server Error.)
     —  golf cart service livingston tx
  !! golf cart repair livingston  (task 40101: Internal SE Server Error.)
     —  golf cart repair livingston
  !! golf cart custom build livingston  (task 40101: Internal SE Server Error.)
     —  golf cart custom build livingston
    #6  golf carts onalaska tx
  !! golf carts coldspring tx  (task 40101: Internal SE Server Error.)
     —  golf carts coldspring tx
     —  golf carts huntsville tx
   #17  golf carts lufkin tx
  !! golf carts woodville tx  (task 40101: Internal SE Server Error.)
     —  golf carts woodville tx
   #12  golf cart rental lake livingston
  !! rent golf cart livingston tx  (task 40101: Internal SE Server Error.)
     —  rent golf cart livingston tx
   #12  lake livingston golf cart rental
     —  east texas golf cart rental
     —  6 seater golf cart rental
  !! 4 seater golf cart rental texas  (task 40101: Internal SE Server Error.)
     —  4 seater golf cart rental texas
   #29  golf cart financing texas
     —  finance a golf cart
   #11  breezy ev dealer texas
     —  breezy ev golf cart
   #21  breeze 4 golf cart
     —  breeze 6l golf cart
   #54  terrain 6 golf cart
     —  lithium golf cart texas
   #64  street legal golf cart texas
   #20  4 seater vs 6 seater golf cart
     —  cost of owning a golf cart
   #44  buying a used golf cart
    #4  lake livingston golf cart

Appended 30 rows to history.json (misses: 8, api errors: 8).
